src/components/ApplicationsPage.tsx(35,3): error TS2304: Cannot find name 'useEffect'.
src/components/BuildMate.tsx(46,11): error TS2741: Property 'other' is missing in type '{ frontend: number; backend: number; fullstack: number; designer: number; mobile: number; product: number; }' but required in type 'Record<Role, number>'.
src/components/CollaboratorDashboard.tsx(125,40): error TS2339: Property 'name' does not exist on type 'Collaborator'.
src/components/CollaboratorDashboard.tsx(194,45): error TS2322: Type 'string' is not assignable to type 'Role'.
src/components/DashboardLayout.tsx(245,22): error TS2304: Cannot find name 'AlertCircle'.
src/components/DiscoverPage.tsx(104,11): error TS2741: Property 'other' is missing in type '{ frontend: number; backend: number; fullstack: number; designer: number; mobile: number; product: number; }' but required in type 'Record<Role, number>'.
src/components/SettingsPage.tsx(100,9): error TS2322: Type '"other"' is not assignable to type '"frontend" | "backend" | "database" | "devops" | "design"'.
src/components/SettingsPage.tsx(146,9): error TS1117: An object literal cannot have multiple properties with the same name.
